rootfs: 80 файлов (0 xkb) + 1 симлинка, 246.3 МБ
rootfs: + VK_LAYER_POLER_drm (implicit)
rootfs: + /sys/dev/char/226:{0,128} + /sys/devices/system/cpu + /proc/cpuinfo
cpio-cache: HIT (246.3 МБ)
PASS: boot: shell ready
PASS: boot: no fatal markers
DUMP: краш-отчёт допечатан (маркер kill найден)
--- DRM-ioctl-конвейер (0 вызовов): {} ---
--- CRASH LOG (CDD-артефакт, ltrace+DRM) ---
=== ELF Load & Run (CDD #11): usr/bin/gamescope — args: -W 1024 -H 768 ===
[VMM] Created user PML4 at 0x0000000000677000 (kernel entries WITHOUT User bit)
[ELF] image: base=0x0x0000100000000000 entry=0x0x0000100000067EC0 pages=991 brk=0x0x00001000003DF000 (PIE)
[ELF] PT_INTERP: /lib64/ld-linux-x86-64.so.2 — базис 0x0x0000040000000000 entry 0x0x0000040000028440 (handoff)
[ELF] stack: entry_rsp=0x0x000007FFFFFFFD60 argc=5
[SCHED] Created user task 0x0000000000000003 at entry 0x0000040000028440 CR3=0x0000000000677000 USP=0x000007FFFFFFFD60
[L] 262(0x0x00000000FFFFFF9C0x00000000FFFFFF9C,"/etc/ld.so.cache",0x0x00000400000355E8) = 0x0xFFFFFFFFFFFFFFFE
[ELF] Ring 3 task #3 created (Linux ABI) — waiting for user markers
[ELF] dev_mmap WC / clone / futex — боевой режим активирован
poler> [L] 12(0x0x00000000000000000x0000000000000000,0x0x0000000000000000) = 0x0x00001000003DF000
[L] 21(0x0x00000400000369000x0000040000036900,"/etc/ld.so.preload",0x0x0000000000000004) = 0x0xFFFFFFFFFFFFFFFE
[VFS] open-fail: /usr/lib/glibc-hwcaps/x86-64-v3/libwayland-client.so.0 — NotFound
[L] 257(0x0x00000000FFFFFF9C0x00000000FFFFFF9C,"/usr/lib/glibc-hwcaps/x86-64-v3/libwayland-client.so.0",0x0x000007FFFFFFEA80) = 0x0xFFFFFFFFFFFFFFFE
[L] 262(0x0x00000000FFFFFF9C0x00000000FFFFFF9C,"/usr/lib/glibc-hwcaps/x86-64-v3/",0x0x000007FFFFFFEA80) = 0x0xFFFFFFFFFFFFFFFE
[VFS] open-fail: /usr/lib/glibc-hwcaps/x86-64-v2/libwayland-client.so.0 — NotFound
[L] 257(0x0x00000000FFFFFF9C0x00000000FFFFFF9C,"/usr/lib/glibc-hwcaps/x86-64-v2/libwayland-client.so.0",0x0x000007FFFFFFEA80) = 0x0xFFFFFFFFFFFFFFFE
[L] 262(0x0x00000000FFFFFF9C0x00000000FFFFFF9C,"/usr/lib/glibc-hwcaps/x86-64-v2/",0x0x000007FFFFFFEA80) = 0x0xFFFFFFFFFFFFFFFE
[L] 257(0x0x00000000FFFFFF9C0x00000000FFFFFF9C,"/usr/lib/libwayland-client.so.0",0x0x000007FFFFFFEA80) = 0x0x0000000000000003
[L] 0(0x0x00000000000000030x0000000000000003,0x0x000007FFFFFFED78) = 0x0x0000000000000400
[SCHED] tick 17801 current=2 tasks=4
[L] 5(0x0x00000000000000030x0000000000000003,0x0x000007FFFFFFECE0) = 0x0x0000000000000000
[L] 9(0x0x00000000000000000x0000000000000000,0x0x0000000000010350,0x0x0000000000000001,0x0x0000000000000802,fd=0x0000000000000003,off=0x0000000000000000) = 0x0x0000004000000000
[L] 9(0x0x00000040000030000x0000004000003000,0x0x0000000000008000,0x0x0000000000000005,0x0x0000000000000812,fd=0x0000000000000003,off=0x0000000000003000) = 0x0x0000004000003000
[L] 9(0x0x000000400000B0000x000000400000B000,0x0x0000000000003000,0x0x0000000000000001,0x0x0000000000000812,fd=0x0000000000000003,off=0x000000000000B000) = 0x0x000000400000B000
[L] 9(0x0x000000400000E0000x000000400000E000,0x0x0000000000003000,0x0x0000000000000003,0x0x0000000000000812,fd=0x0000000000000003,off=0x000000000000D000) = 0x0x000000400000E000
[L] 3(0x0x00000000000000030x0000000000000003,0x0x000000400000D548) = 0x0x0000000000000000
[L] 257(0x0x00000000FFFFFF9C0x00000000FFFFFF9C,"/usr/lib/libX11.so.6",0x0x000007FFFFFFEA40) = 0x0x0000000000000003
[L] 0(
--- ------------------------------------- ---
FAIL: drm-gamescope: DRM-конвейер запущен (ioctl'ы идут)
FAIL: drm-gamescope: SET_MASTER дошёл
PASS: drm-gamescope: no kernel panic
--- исход: краш (см. лог) ---
PASS: drm-gamescope: краш-лог собран (CDD-итерация)

=== DRM-GAMESCOPE: 4/6 PASS ===
FAILED: ["drm-gamescope: DRM-конвейер запущен (ioctl'ы идут)", 'drm-gamescope: SET_MASTER дошёл']
