rootfs: 91 файлов, 243.3 МБ
cpio-cache: HIT (243.3 МБ)
PASS: boot: shell ready
PASS: boot: no fatal markers
MARK: HARNESS-INIT
[L]
MARK: HARNESS-INSTANCE
[L]
MARK: HARNESS-PDEV-COUNT
[L]
MARK: HARNESS-PDEVICES 1
MARK: HARNESS-PDEV-ENUM
[L]
MARK: HARNESS-QFAMILY 0
DUMP: краш-отчёт допечатан
--- исход: crash ---
--- RUN LOG (первые 2500 симв.) ---
=== ELF Load & Run (CDD #11): usr/bin/sysharness ===
[VMM] Created user PML4 at 0x0000000000676000 (kernel entries WITHOUT User bit)
[ELF] image: base=0x0x0000100000000000 entry=0x0x00001000000011E0 pages=5 brk=0x0x0000100000005000 (PIE)
[ELF] PT_INTERP: /lib64/ld-linux-x86-64.so.2 — базис 0x0x0000040000000000 entry 0x0x0000040000028440 (handoff)
[ELF] stack: entry_rsp=0x0x000007FFFFFFFD90 argc=1
[SCHED] Created user task 0x0000000000000002 at entry 0x0000040000028440 CR3=0x0000000000676000 USP=0x000007FFFFFFFD90
[ELF] Ring 3 task #2[L] 262(0x0x00000000FFFFFF9C0x00000000FFFFFF9C,"/etc/ld.so.cache",0x0x00000400000355E8) = 0x0xFFFFFFFFFFFFFFFE
 created (Linux ABI) — waiting for user markers
[ELF] dev_mmap WC / clone / futex — боевой режим активирован
poler> [L] 12(0x0x00000000000000000x0000000000000000,0x0x0000000000000000) = 0x0x0000100000005000
[L] 21(0x0x00000400000369000x0000040000036900,"/etc/ld.so.preload",0x0x0000000000000004) = 0x0xFFFFFFFFFFFFFFFE
[VFS] open-fail: /usr/lib/glibc-hwcaps/x86-64-v3/libvulkan.so.1 — NotFound
[L] 257(0x0x00000000FFFFFF9C0x00000000FFFFFF9C,"/usr/lib/glibc-hwcaps/x86-64-v3/libvulkan.so.1",0x0x000007FFFFFFEAA0) = 0x0xFFFFFFFFFFFFFFFE
[L] 262(0x0x00000000FFFFFF9C0x00000000FFFFFF9C,"/usr/lib/glibc-hwcaps/x86-64-v3/",0x0x000007FFFFFFEAA0) = 0x0xFFFFFFFFFFFFFFFE
[VFS] open-fail: /usr/lib/glibc-hwcaps/x86-64-v2/libvulkan.so.1 — NotFound
[L] 257(0x0x00000000FFFFFF9C0x00000000FFFFFF9C,"/usr/lib/glibc-hwcaps/x86-64-v2/libvulkan.so.1",0x0x000007FFFFFFEAA0) = 0x0xFFFFFFFFFFFFFFFE
[L] 262(0x0x00000000FFFFFF9C0x00000000FFFFFF9C,"/usr/lib/glibc-hwcaps/x86-64-v2/",0x0x000007FFFFFFEAA0) = 0x0xFFFFFFFFFFFFFFFE
[L] 257(0x0x00000000FFFFFF9C0x00000000FFFFFF9C,"/usr/lib/libvulkan.so.1",0x0x000007FFFFFFEAA0) = 0x0x0000000000000003
[L] 0(0x0x00000000000000030x0000000000000003,0x0x000007FFFFFFED98) = 0x0x0000000000000400
[L] 5(0x0x00000000000000030x0000000000000003,0x0x000007FFFFFFED00) = 0x0x0000000000000000
[L] 9(0x0x00000000000000000x0000000000000000,0x0x0000000000002000,0x0x0000000000000003,0x0x0000000000000022,fd=0x00000000FFFFFFFF,off=0x0000000000000000) = 0x0x0000004000000000
[L] 9(0x0x00000000000000000x0000000000000000,0x0x000000000009D190,0x0x0000000000000001,0x0x0000000000000802,fd=0x0000000000000003,off=0x0000000000000000) = 0x0x0000004000002000
[L] 9(0x0x00000040000090000x0000004000009000,0x0x0000000000060000,0x0x0000000000000005,0x0x0000000000000812,fd=0x0000000000000003,off=0x0000000000007000) = 0x0x00000040000
--- -------------------------- ---
--- CRASH HEADER ---
!!! CPU EXCEPTION !!!
Vector: 0x000000000000000D
Error Code: 0x0000000000000000
RIP: 0x000000400663FA8F
CS: 0x0000000000000023
RSI: 0xB2E64FCA010506F0 RDX: 0x0000000000000003 RCX: 0x00001000018A9D18 RBX: 0x000010000188D1F0 RAX: 0x00001000018A9CE8
RFLAGS: 0x0000000000010286
RSP: 0x000007FFFFFFB6A0
SS: 0x000000000000001B
RDI: 0x00001000018A9D18
R8: 0x00000000000000B1 R9: 0x0000100000006550 R10: 0x00000000000000B0 R11: 0x00001000000F2C48 RBP: 0x0000000000000080
R12: 0x0000100001898130 R13: 0x000000400A567540 R14: 0xAAAAAAAAAAAAAAAA R15: 0x0000000000011BB8
RIP-bytes[96]: 498B2E498D7E10E855000000BE380000004C89F741FFD54989EE4885ED75E1E9 7BFCFFFF488B700848C1E603FF152F2C9303E940FCFFFF488B700848C1E603FF 151C2C9303E96DFCFFFF4C89F7FF15FE2B9303E981FEFFFFCCCCCCCCCCCCCCCC 
RIP-PTE: 0x0x000000000ED54025
RSP-RAW: 0x0000004009F34D80 0x000010000188D1F0 0x0000000000000093 0x000010000180CCA0 0x000000400A569BE0 0x00001000000E2740 0x0000000000000080 0x000000400663F69D 0x000010000180CCA0 0x00000040069AA876 0x0000000000000060 0x00001000000EC9F0 0x00001000000DA0F0 0x0000004005D53C09 0x00001000015930E0 0x00001000015930E0 
STACK-RET: +0x0x0000000000000028:0x00001000000E2740(brk+0x0x00000000000DD740) +0x0x0000000000000058:0x00001000000EC9F0(brk+0x0x00000000000E79F0) +0x0x0000000000000060:0x00001000000DA0F0(brk+0x0x00000000000D50F0) +0x0x0000000000000148:0x00001000000F2D80(brk+0x0x00000000000EDD80) +0x0x0000000000000158:0x00001000000E2CD0(brk+0x0x00000000000DDCD0) +0x0x0000000000000178:0x00001000000A7270(brk+0x0x00000000000A2270) +0x0x0000000000000190:0x00001000000E2C08(brk+0x0x00000000000DDC08) +0x0x0000000000000198:0x00001000000A6AF0(brk+0x0x00000000000A1AF0) +0x0x00000000000001A0:0x00001000000A71A8(brk+0x0x00000000000A21A8) +0x0x00000000000001C8:0x00001000000C7B30(brk+0x0x00000000
--- -------------- ---
--- [L]-гистограмма (847 вызовов): {202: 232, 9: 163, 12: 159, 10: 62, 257: 56, 5: 37, 3: 37, 0: 36, 21: 7, 262: 6, 1: 6, 11: 5, 89: 4, 14: 4, 318: 3, 99: 3, 83: 3, 273: 2, 107: 2, 102: 2, 108: 2, 104: 2, 158: 1, 218: 1, 334: 1, 302: 1, 8: 1, 39: 1, 204: 1, 319: 1, 77: 1, 13: 1, 28: 1, 435: 1, 56: 1, 285: 1} ---
PASS: sysharness: ltrace-фронт снят (>100 syscall)
PASS: sysharness: INSTANCE создан
PASS: sysharness: краш-лог собран (CDD-итерация)
FAIL: sysharness: PIPELINE достигнут (LLVM-JIT фаза)
PASS: sysharness: no kernel panic

=== SYSHARNESS: 6/7 PASS ===
FAILED: ['sysharness: PIPELINE достигнут (LLVM-JIT фаза)']
