[jit-writer] watch [0x401569d000,0x40156a0000) user_lo=0x4000000000 isr13=0x10d101 isr14=0x10d108
=== EXC-ENTRY vcpu=0 stores=0 ring (newest first) ===
  [ 0] 0x000004000000f419 <- last user TB before exc
  [ 1] 0x000004000000f40d
  [ 2] 0x000004000000ed8e
  [ 3] 0x000004000002f3d7
  [ 4] 0x000004000002f3c0
  [ 5] 0x000004000001c510
  [ 6] 0x000004000001c4ee
  [ 7] 0x000004000001c518
  [ 8] 0x000004000001c4e3
  [ 9] 0x000004000001c4c0
  [10] 0x000004000002f3a0
  [11] 0x000004000002f372
  [12] 0x000004000002f360
  [13] 0x000004000000ed77
  [14] 0x000004000000ed6d
  [15] 0x000004000002f1fe
  [16] 0x000004000002f1f6
  [17] 0x000004000002f1e9
  [18] 0x000004000002f238
  [19] 0x000004000002f1dd
  [20] 0x000004000002f1d0
  [21] 0x000004000000ed42
  [22] 0x000004000000ed22
  [23] 0x000004000000ecf4
  [24] 0x000004000000ece0
  [25] 0x000004000000ee3e
  [26] 0x000004000000ee20
  [27] 0x000004000000f3e3
  [28] 0x0000040000031a89
  [29] 0x0000040000031a7d
  [30] 0x0000040000031a60
  [31] 0x000004000000f3d5
  [32] 0x000004000000f3a0
  [33] 0x00000400000097e0
  [34] 0x00000400000097d3
  [35] 0x00000400000097be
  [36] 0x000004000000a6e0
  [37] 0x0000040000009c80
  [38] 0x0000040000009c99
  [39] 0x0000040000009c8e
  [40] 0x0000040000009c80
  [41] 0x0000040000009c99
  [42] 0x0000040000009c8e
  [43] 0x0000040000009c1a
  [44] 0x0000040000009c12
  [45] 0x000004000002ecf3
  [46] 0x000004000002eceb
  [47] 0x000004000002ece0
  [48] 0x0000040000009c00
  [49] 0x000004000000973e
  [50] 0x0000040000009e0d
  [51] 0x0000040000009e00
  [52] 0x0000040000009d79
  [53] 0x0000040000007935
  [54] 0x0000040000007922
  [55] 0x0000040000030d52
  [56] 0x0000040000030d20
  [57] 0x0000040000030cf0
  [58] 0x0000040000007913
  [59] 0x0000040000007902
  [60] 0x000004000000edd0
  [61] 0x000004000000ed13
  [62] 0x000004000000ecf4
  [63] 0x000004000000ece0
  [64] 0x00000400000078e7
  [65] 0x00000400000078de
  [66] 0x00000400000078d3
  [67] 0x00000400000074d8
  [68] 0x00000400000074cd
  [69] 0x00000400000074bc
  [70] 0x00000400000074b1
  [71] 0x00000400000074a4
  [72] 0x0000040000007498
  [73] 0x0000040000007449
  [74] 0x000004000000743d
  [75] 0x000004000000741b
  [76] 0x0000040000007411
  [77] 0x0000040000007405
  [78] 0x00000400000073fa
  [79] 0x000004000002f050
  [80] 0x000004000002f048
  [81] 0x000004000002f040
  [82] 0x00000400000073d2
  [83] 0x00000400000073c6
  [84] 0x000004000002efc6
  [85] 0x000004000002efbe
  [86] 0x000004000002efad
  [87] 0x000004000002efa2
  [88] 0x000004000002ef90
  [89] 0x00000400000073b7
  [90] 0x0000040000007380
  [91] 0x00000400000078b8
  [92] 0x00000400000078a5
  [93] 0x0000040000030d70
  [94] 0x0000040000030d25
  [95] 0x0000040000030d20
[JW] #1 vpc=0x4000251e9d vaddr=0x401569d000 w=8 val=0x0000000000000000
[JW] #2 vpc=0x4000251e9d vaddr=0x401569d010 w=8 val=0xc93103eac107c283
[JW] #3 vpc=0x4000251ea1 vaddr=0x401569d020 w=8 val=0xc0852473d139c1ff
[JW] #4 vpc=0x4000251ea1 vaddr=0x401569d030 w=8 val=0x89e975f80841c095
[JW] #5 vpc=0x4000251ea6 vaddr=0x401569d02b w=8 val=0x41c0950f41f139c7
[JW] #6 vpc=0x4000251ea6 vaddr=0x401569d03b w=8 val=0x07ff830000000080
[JW] #7 vpc=0x4000251eac vaddr=0x401569d00b w=8 val=0x07c28307e083d089
[JW] #8 vpc=0x4000251eac vaddr=0x401569d01b w=8 val=0x39c1ff001f0f09eb
[JW] #9 vpc=0x4000251e21 vaddr=0x401569e000 w=8 val=0x0000000000000000
[JW] #10 vpc=0x4000251e21 vaddr=0x401569e010 w=8 val=0x0000019008070c1c
[JW] #11 vpc=0x4000251e25 vaddr=0x401569e018 w=8 val=0x0000001c0000001c
[JW] #12 vpc=0x4000251e25 vaddr=0x401569e028 w=8 val=0x000000000000004b
[JW] #13 vpc=0x4000252920 vaddr=0x401569e038 w=2 val=0x0000000000000000
[JW] #14 vpc=0x4000252924 vaddr=0x401569e038 w=2 val=0x0000000000000000
[JW] #15 vpc=0x40092aee44 vaddr=0x401569e020 w=4 val=0x00000000ffffefe0

ATEXIT: stores-in-range total=15 exc=1
