rootfs: 91 файлов, 243.3 МБ
cpio-cache: HIT (243.3 МБ)
PASS: boot: shell ready
PASS: boot: no fatal markers
MARK: HARNESS-INIT
[L]
MARK: HARNESS-INSTANCE
[L]
MARK: HARNESS-PDEV-COUNT
[L]
MARK: HARNESS-PDEVICES 1
MARK: HARNESS-PDEV-ENUM
[L]
MARK: HARNESS-QFAMILY 0
MARK: HARNESS-DEVICE
[L]
MARK: HARNESS-SHADER-MODULE
[L]
MARK: HARNESS-PIPELINE-LAYOUT
[L]
MARK: HARNESS-PIPELINE
[L]
MARK: HARNESS-CMD-POOL
[L]
MARK: HARNESS-CMD-BUF
[L]
MARK: HARNESS-CMD-BEGIN
[L]
MARK: HARNESS-CMD-END
[L]
MARK: HARNESS-SUBMIT
[L]
DUMP: краш-отчёт допечатан
--- исход: crash ---
--- RUN LOG (первые 2500 симв.) ---
=== ELF Load & Run (CDD #11): usr/bin/sysharness ===
[VMM] Created user PML4 at 0x0000000000676000 (kernel entries WITHOUT User bit)
[ELF] image: base=0x0x0000100000000000 entry=0x0x00001000000011E0 pages=5 brk=0x0x0000100000005000 (PIE)
[ELF] PT_INTERP: /lib64/ld-linux-x86-64.so.2 — базис 0x0x0000040000000000 entry 0x0x0000040000028440 (handoff)
[ELF] stack: entry_rsp=0x0x000007FFFFFFFD90 argc=1
[SCHED] Created user task 0x0000000000000003 at entry 0x0000040000028440 CR3=0x0000000000676000 USP=0x000007FFFFFFFD90
[ELF] Ring 3 task #3 created (Linux ABI) — waiting for user markers
[ELF] dev_mmap WC / clone / futex —[SCHED] tick 201 current=2 tasks=4
[L] 262(0x0x00000000FFFFFF9C0x00000000FFFFFF9C,"/etc/ld.so.cache",0x0x00000400000355E8) = 0x0xFFFFFFFFFFFFFFFE
 боевой режим активирован
poler> [L] 12(0x0x00000000000000000x0000000000000000,0x0x0000000000000000) = 0x0x0000100000005000
[L] 21(0x0x00000400000369000x0000040000036900,"/etc/ld.so.preload",0x0x0000000000000004) = 0x0xFFFFFFFFFFFFFFFE
[VFS] open-fail: /usr/lib/glibc-hwcaps/x86-64-v3/libvulkan.so.1 — NotFound
[L] 257(0x0x00000000FFFFFF9C0x00000000FFFFFF9C,"/usr/lib/glibc-hwcaps/x86-64-v3/libvulkan.so.1",0x0x000007FFFFFFEAA0) = 0x0xFFFFFFFFFFFFFFFE
[L] 262(0x0x00000000FFFFFF9C0x00000000FFFFFF9C,"/usr/lib/glibc-hwcaps/x86-64-v3/",0x0x000007FFFFFFEAA0) = 0x0xFFFFFFFFFFFFFFFE
[VFS] open-fail: /usr/lib/glibc-hwcaps/x86-64-v2/libvulkan.so.1 — NotFound
[L] 257(0x0x00000000FFFFFF9C0x00000000FFFFFF9C,"/usr/lib/glibc-hwcaps/x86-64-v2/libvulkan.so.1",0x0x000007FFFFFFEAA0) = 0x0xFFFFFFFFFFFFFFFE
[L] 262(0x0x00000000FFFFFF9C0x00000000FFFFFF9C,"/usr/lib/glibc-hwcaps/x86-64-v2/",0x0x000007FFFFFFEAA0) = 0x0xFFFFFFFFFFFFFFFE
[L] 257(0x0x00000000FFFFFF9C0x00000000FFFFFF9C,"/usr/lib/libvulkan.so.1",0x0x000007FFFFFFEAA0) = 0x0x0000000000000003
[L] 0(0x0x00000000000000030x0000000000000003,0x0x000007FFFFFFED98) = 0x0x0000000000000400
[L] 5(0x0x00000000000000030x0000000000000003,0x0x000007FFFFFFED00) = 0x0x0000000000000000
[L] 9(0x0x00000000000000000x0000000000000000,0x0x0000000000002000,0x0x0000000000000003,0x0x0000000000000022,fd=0x00000000FFFFFFFF,off=0x0000000000000000) = 0x0x0000004000000000
[L] 9(0x0x00000000000000000x0000000000000000,0x0x000000000009D190,0x0x0000000000000001,0x0x0000000000000802,fd=0x0000000000000003,off=0x0000000000000000) = 0x0x0000004000002000
[L] 9(0x0x00000040000090000x0000004000009000,0x0x0000000000060000,0x0x0000000000000005,0x0x0000000000000812,fd=0x0000000000000003,off=0
--- -------------------------- ---
--- CRASH HEADER ---
!!! CPU EXCEPTION !!!
Vector: 0x000000000000000E
Error Code: 0x0000000000000005
CR2 (fault addr): 0x0000000000000000
RIP: 0x000000401569D000
CS: 0x0000000000000023
RSI: 0x00001000001C5B50 RDX: 0x0000000000000001 RCX: 0x0000000000000001 RBX: 0x000000400D566B90 RAX: 0x0000000000000000
RFLAGS: 0x0000000000010212
RSP: 0x000000400D566A78
SS: 0x000000000000001B
RDI: 0x00001000001C5B48
R8: 0x0000000000000001 R9: 0x0000000000000000 R10: 0x0000004010000B80 R11: 0x0000000000000001 RBP: 0x00001000001C5B50
R12: 0x0000000000000001 R13: 0x000000400D566AD0 R14: 0x000000400D566B90 R15: 0x0000000000000001
RIP-bytes[96]: 000000000000000000000089D083E00783C207C1EA0331C98D72FFEB090F1F00 FFC139D1732485C0400F94C739F1410F95C04108F875E989C70F1F8000000000 83FF078D7F0172F8EBD6C3000000000000000000000000000000000000000000 
RIP-PTE: 0x0x00000000165DD065
RSP-RAW: 0x00000040007284EF 0x0000000000000000 0x0000000000000000 0x0000000000000001 0x0000000000000001 0x0000000000000001 0x0000000000000000 0x0000000000000000 0x0000000000000000 0x000000400D566AD0 0x0000000000000000 0x0000000000000000 0x0000000000000000 0x0000000000000000 0xFD0C8360CCEDE700 0x0000000000000000 
STACK-RET: +0x0x00000000000000E8:0x0000100000095F98(brk+0x0x0000000000090F98) +0x0x00000000000000F0:0x0000100000068D60(brk+0x0x0000000000063D60) +0x0x00000000000000F8:0x0000100000095ED0(brk+0x0x0000000000090ED0) +0x0x0000000000000158:0x00001000001C5B48(brk+0x0x00000000001C0B48) +0x0x00000000000001A8:0x0000100000098970(brk+0x0x0000000000093970) +0x0x00000000000001B8:0x0000100000098970(brk+0x0x0000000000093970) +0x0x00000000000002A0:0x00001000000959E0(brk+0x0x00000000000909E0) +0x0x00000000000002A8:0x0000100000094040(brk+0x0x000000000008F040) +0x0x00000000000002B0:0x0000100000095ED0(brk+0x0x0000000000090ED0) +0x0x00000000000002
--- -------------- ---
--- [L]-гистограмма (988 вызовов): {202: 238, 12: 179, 9: 175, 10: 152, 257: 56, 5: 37, 3: 37, 0: 36, 1: 15, 21: 7, 262: 6, 11: 5, 89: 4, 14: 4, 228: 4, 318: 3, 99: 3, 83: 3, 273: 2, 107: 2, 102: 2, 108: 2, 104: 2, 158: 1, 218: 1, 334: 1, 302: 1, 8: 1, 39: 1, 204: 1, 319: 1, 77: 1, 13: 1, 28: 1, 435: 1, 56: 1, 285: 1} ---
PASS: sysharness: ltrace-фронт снят (>100 syscall)
PASS: sysharness: INSTANCE создан
PASS: sysharness: краш-лог собран (CDD-итерация)
PASS: sysharness: PIPELINE достигнут (LLVM-JIT фаза)
PASS: sysharness: no kernel panic

=== SYSHARNESS: 7/7 PASS ===
