[jit-writer v2] ranges: [0x401569d000,0x40156a2000) [0x4010000b00,0x4010000c00) value=[0x401569d000,0x40156a2000) user_lo=0x0
[JW-R1] #1 vpc=0x400015c9cb vaddr=0x4010000b78 w=4 val=0x0000000000020491
[JW-R1] #2 vpc=0x40002528a0 vaddr=0x4010000b08 w=8 val=0x0000000000000000
[JW-R1] #3 vpc=0x40002528a4 vaddr=0x4010000b18 w=8 val=0x0000000000000000
[JW-R1] #4 vpc=0x40002528a4 vaddr=0x4010000b28 w=8 val=0x0000000000000000
[JW-R1] #5 vpc=0x40002528a9 vaddr=0x4010000b38 w=8 val=0x0000000000000000
[JW-R1] #6 vpc=0x40002528a9 vaddr=0x4010000b48 w=8 val=0x0000000000000000
[JW-R1] #7 vpc=0x40002528ae vaddr=0x4010000b58 w=8 val=0x0000000000000000
[JW-R1] #8 vpc=0x40002528ae vaddr=0x4010000b68 w=8 val=0x0000000000000000
=== EXC-ENTRY#1 vcpu=0 stores=8 vstores=0 ring (newest first) ===
  [ 0] 0x000000400015c999 <- last user TB before exc
  [ 1] 0x000000400015c989
  [ 2] 0x000000400015c969
  [ 3] 0x000000400015c956
  [ 4] 0x000000400015c944
  [ 5] 0x000000400015c93c
  [ 6] 0x000000400015c92a
  [ 7] 0x000000400015c922
  [ 8] 0x000000400015c910
  [ 9] 0x000000400015c908
  [10] 0x000000400015c8c7
  [11] 0x000000400015c891
  [12] 0x000000400015c1f0
  [13] 0x000000400015c073
  [14] 0x000000400015c37a
  [15] 0x000000400015c530
  [16] 0x000000400015c04f
  [17] 0x000000400015c042
  [18] 0x000000400015c02e
  [19] 0x000000400015c000
  [20] 0x000000400015d87f
  [21] 0x000000400015d86e
  [22] 0x000000400015d859
  [23] 0x000000400015d840
  [24] 0x000000400015eb8e
  [25] 0x000000400015eb44
  [26] 0x000000400015eb33
  [27] 0x000000400015eb2a
  [28] 0x000000400015eb19
  [29] 0x000000400015eb10
  [30] 0x000000400a569a40
  [31] 0x00000040060e2e07
  [32] 0x00000040060e2dff
  [33] 0x000000400015269a
  [34] 0x0000004000152690
  [35] 0x00000040060e2dcf
  [36] 0x00000040060e2dc7
  [37] 0x00000040001526a9
  [38] 0x00000040001524c8
  [39] 0x00000040001524b4
  [40] 0x00000040001525b3
  [41] 0x000000000010d29a
  [42] 0x000000000010d27d
  [43] 0x000000000010d260
  [44] 0x000000000010d243
  [45] 0x000000000010d226
  [46] 0x0000000000218bfb
  [47] 0x000000000021ba3c
MEM-CSOBJ @0x4010000b00 len=256: 0000000000000000 0000000000000000 0000000000000000 0000000000000000
     0000000000000000 0000000000000000 0000000000000000 0000000000000000
     0000000000000000 0000000000000000 0000000000000000 0000000000000000
     0000000000000000 0000000000000000 0000000000000000 0000000000020491
     0000000000000000 0000000000000000 0000000000000000 0000000000000000
     0000000000000000 0000000000000000 0000000000000000 0000000000000000
     0000000000000000 0000000000000000 0000000000000000 0000000000000000
     0000000000000000 0000000000000000 0000000000000000 0000000000000000
    
MEM-CSOBJ+30 @0x4010000b70 len=128: 0000000000000000 0000000000020491 0000000000000000 0000000000000000
     0000000000000000 0000000000000000 0000000000000000 0000000000000000
     0000000000000000 0000000000000000 0000000000000000 0000000000000000
     0000000000000000 0000000000000000 0000000000000000 0000000000000000
    
MEM-JIT-P1 @0x401569d000: READ FAIL
MEM-JIT-P2 @0x401569e000: READ FAIL
[SCAN] паттерн не найден (staging уже освобождён?)
=== EXC-ENTRY#2 vcpu=0 stores=8 vstores=0 ring (newest first) ===
  [ 0] 0x000000400015c999 <- last user TB before exc
  [ 1] 0x000000400015c989
  [ 2] 0x000000400015c969
  [ 3] 0x000000400015c922
  [ 4] 0x000000400015c910
  [ 5] 0x000000400015c908
  [ 6] 0x000000400015c8c7
  [ 7] 0x000000400015c891
  [ 8] 0x000000400015c200
  [ 9] 0x000000400015c1f0
  [10] 0x000000400015c073
  [11] 0x000000400015c05c
  [12] 0x000000400015c04f
  [13] 0x000000400015c042
  [14] 0x000000400015c02e
  [15] 0x000000400015c000
  [16] 0x000000400015d87f
  [17] 0x000000400015d86e
  [18] 0x000000400015d859
  [19] 0x000000400015d840
  [20] 0x000000400015eb8e
  [21] 0x000000400015eb2a
  [22] 0x000000400015eb19
  [23] 0x000000400015eb10
  [24] 0x000000400015ee50
  [25] 0x000000400015ec70
  [26] 0x0000004000160631
  [27] 0x000000400016062a
  [28] 0x0000004000160620
  [29] 0x000000400a569b31
  [30] 0x000000400a569afa
  [31] 0x000000400a569ad0
  [32] 0x000000400a569b70
  [33] 0x00000040054aac3a
  [34] 0x00000040054aa504
  [35] 0x00000040054aa4fb
  [36] 0x00000040054aa43e
  [37] 0x00000040054aa463
  [38] 0x00000040054aa45b
  [39] 0x00000040054aa44b
  [40] 0x00000040054aa43e
  [41] 0x00000040054aa463
  [42] 0x00000040054aa45b
  [43] 0x00000040054aa44b
  [44] 0x00000040054aa43e
  [45] 0x00000040054aa463
  [46] 0x00000040054aa45b
  [47] 0x00000040054aa44b
MEM-CSOBJ @0x4010000b00 len=256: 0000000000000000 0000000000000000 0000000000000000 0000000000000000
     0000000000000000 0000000000000000 0000000000000000 0000000000000000
     0000000000000000 0000000000000000 0000000000000000 0000000000000000
     0000000000000000 0000000000000000 0000000000000000 0000000000020491
     0000000000000000 0000000000000000 0000000000000000 0000000000000000
     0000000000000000 0000000000000000 0000000000000000 0000000000000000
     0000000000000000 0000000000000000 0000000000000000 0000000000000000
     0000000000000000 0000000000000000 0000000000000000 0000000000000000
    
MEM-CSOBJ+30 @0x4010000b70 len=128: 0000000000000000 0000000000020491 0000000000000000 0000000000000000
     0000000000000000 0000000000000000 0000000000000000 0000000000000000
     0000000000000000 0000000000000000 0000000000000000 0000000000000000
     0000000000000000 0000000000000000 0000000000000000 0000000000000000
    
MEM-JIT-P1 @0x401569d000: READ FAIL
MEM-JIT-P2 @0x401569e000: READ FAIL
[SCAN] паттерн не найден (staging уже освобождён?)
=== EXC-ENTRY#3 vcpu=0 stores=8 vstores=0 ring (newest first) ===
  [ 0] 0x000000400015c999 <- last user TB before exc
  [ 1] 0x000000400015c989
  [ 2] 0x000000400015c969
  [ 3] 0x000000400015c956
  [ 4] 0x000000400015c944
  [ 5] 0x000000400015c93c
  [ 6] 0x000000400015c92a
  [ 7] 0x000000400015c922
  [ 8] 0x000000400015c910
  [ 9] 0x000000400015c908
  [10] 0x000000400015c8c7
  [11] 0x000000400015c891
  [12] 0x000000400015c1f0
  [13] 0x000000400015c073
  [14] 0x000000400015c37a
  [15] 0x000000400015c530
  [16] 0x000000400015c04f
  [17] 0x000000400015c042
  [18] 0x000000400015c02e
  [19] 0x000000400015c000
  [20] 0x000000400015d87f
  [21] 0x000000400015d86e
  [22] 0x000000400015d859
  [23] 0x000000400015d840
  [24] 0x000000400015eb8e
  [25] 0x000000400015eb44
  [26] 0x000000400015eb33
  [27] 0x000000400015eb2a
  [28] 0x000000400015eb19
  [29] 0x000000400015eb10
  [30] 0x000000400a569a40
  [31] 0x00000040054ab7d0
  [32] 0x0000004009517875
  [33] 0x0000040000021cba
  [34] 0x0000040000021ca9
  [35] 0x0000040000021c90
  [36] 0x0000004009517860
  [37] 0x000000400a5b19e8
  [38] 0x0000040000021cba
  [39] 0x0000040000021ca9
  [40] 0x0000040000021c90
  [41] 0x000000400a5b19d0
  [42] 0x000000400015257d
  [43] 0x0000004000148ed0
  [44] 0x0000004000152530
  [45] 0x00000040001524e0
  [46] 0x00000040001524d0
  [47] 0x0000004000152490
MEM-CSOBJ @0x4010000b00 len=256: 0000000000000000 0000000000000000 0000000000000000 0000000000000000
     0000000000000000 0000000000000000 0000000000000000 0000000000000000
     0000000000000000 0000000000000000 0000000000000000 0000000000000000
     0000000000000000 0000000000000000 0000000000000000 0000000000020491
     0000000000000000 0000000000000000 0000000000000000 0000000000000000
     0000000000000000 0000000000000000 0000000000000000 0000000000000000
     0000000000000000 0000000000000000 0000000000000000 0000000000000000
     0000000000000000 0000000000000000 0000000000000000 0000000000000000
    
MEM-CSOBJ+30 @0x4010000b70 len=128: 0000000000000000 0000000000020491 0000000000000000 0000000000000000
     0000000000000000 0000000000000000 0000000000000000 0000000000000000
     0000000000000000 0000000000000000 0000000000000000 0000000000000000
     0000000000000000 0000000000000000 0000000000000000 0000000000000000
    
MEM-JIT-P1 @0x401569d000: READ FAIL
MEM-JIT-P2 @0x401569e000: READ FAIL
[SCAN] паттерн не найден (staging уже освобождён?)
[JW-R1] #9 vpc=0x400015c9bc vaddr=0x4010000b78 w=4 val=0x0000000000000065
[JW-R1] #10 vpc=0x400015c9cb vaddr=0x4010000bd8 w=4 val=0x0000000000020431
[JW-R1] #11 vpc=0x4000252849 vaddr=0x4010000b80 w=8 val=0x0000000000000000
[JW-R1] #12 vpc=0x4000252849 vaddr=0x4010000b90 w=8 val=0x0000000000000000
[JW-R1] #13 vpc=0x400025284d vaddr=0x4010000ba0 w=8 val=0x0000000000000000
[JW-R1] #14 vpc=0x400025284d vaddr=0x4010000bb0 w=8 val=0x0000000000000000
[JW-R1] #15 vpc=0x4000252830 vaddr=0x4010000b98 w=8 val=0x0000000000000000
[JW-R1] #16 vpc=0x4000252830 vaddr=0x4010000ba8 w=8 val=0x0000000000000000
[JW-R1] #17 vpc=0x4000252835 vaddr=0x4010000bb8 w=8 val=0x0000000000000000
[JW-R1] #18 vpc=0x4000252835 vaddr=0x4010000bc8 w=8 val=0x0000000000000000
[JW-R1] #19 vpc=0x400072d8c0 vaddr=0x4010000bc0 w=4 val=0x00000000000cb9a0
[JW-R1] #20 vpc=0x4000251e5b vaddr=0x4010000bd0 w=2 val=0x0000000000000000
[JW-R1] #21 vpc=0x4000251e5f vaddr=0x4010000bd0 w=2 val=0x0000000000000000
[JW-R1] #22 vpc=0x400015c9bc vaddr=0x4010000bd8 w=4 val=0x0000000000001015
[JW-R1] #23 vpc=0x4000251e5b vaddr=0x4010000be4 w=2 val=0x0000000000000000
[JW-R1] #24 vpc=0x4000251e5f vaddr=0x4010000be4 w=2 val=0x0000000000000000
[JW-R1] #25 vpc=0x4000251fe6 vaddr=0x4010000be8 w=8 val=0x0000000000000000
[JW-R1] #26 vpc=0x4000251fe6 vaddr=0x4010000bf8 w=8 val=0x1963e63bd6f20600
[JW-R1] #27 vpc=0x400046aae0 vaddr=0x4010000be0 w=2 val=0x0000000000000002
[JW-R1] #28 vpc=0x400015be22 vaddr=0x4010000bd8 w=4 val=0x0000000000020431
[JW-R1] #29 vpc=0x400015c9bc vaddr=0x4010000bd8 w=4 val=0x00000000000000d5
[JW-R1] #30 vpc=0x4000252849 vaddr=0x4010000be0 w=8 val=0x0000000000000000
[JW-R1] #31 vpc=0x4000252849 vaddr=0x4010000bf0 w=8 val=0x0000000000000000
[JW-R1] #32 vpc=0x400052550e vaddr=0x4010000be0 w=4 val=0x0000000000000000
[JW-R1] #33 vpc=0x4000525530 vaddr=0x4010000be0 w=4 val=0x0000000010000cb0
[JW-R1] #34 vpc=0x4000525556 vaddr=0x4010000bf0 w=4 val=0x0000000010000cd0
[JW-R1] #35 vpc=0x40005255d1 vaddr=0x4010000bf8 w=4 val=0x0000000010002280
[JW-R1] #36 vpc=0x400072d9b3 vaddr=0x4010000ba8 w=4 val=0x0000000010000be0
[JW-R1] #37 vpc=0x400072d9cc vaddr=0x4010000bcc w=2 val=0x0000000000000000
[JW-R1] #38 vpc=0x400072da36 vaddr=0x4010000bc8 w=2 val=0x0000000000000005
[JW-R1] #39 vpc=0x400015f0a2 vaddr=0x4010000b10 w=4 val=0x0000000010006a80
[JW-R1] #40 vpc=0x400015eb6f vaddr=0x4010000b10 w=4 val=0x0000000000000000
[JW-R1] #41 vpc=0x400015f0a2 vaddr=0x4010000b10 w=4 val=0x000000001000ccb0
[JW-R1] #42 vpc=0x400015eb6f vaddr=0x4010000b10 w=4 val=0x0000000000000000
[JW-R1] #43 vpc=0x400015f0a2 vaddr=0x4010000b10 w=4 val=0x000000001000fe10
[JW-R1] #44 vpc=0x400015eb6f vaddr=0x4010000b10 w=4 val=0x0000000000000000
[JW-R1] #45 vpc=0x400015f0a2 vaddr=0x4010000b10 w=4 val=0x000000001000fe10
[JW-R1] #46 vpc=0x400015f0a2 vaddr=0x4010000b10 w=4 val=0x000000001000c630
[JW-R1] #47 vpc=0x400015eb6f vaddr=0x4010000b10 w=4 val=0x000000001000fe10
[JW-R1] #48 vpc=0x400015eb6f vaddr=0x4010000b10 w=4 val=0x0000000000000000
[JW-R1] #49 vpc=0x400015f0a2 vaddr=0x4010000b10 w=4 val=0x0000000010015c20
[JW-R1] #50 vpc=0x400015f0a2 vaddr=0x4010000b10 w=4 val=0x00000000100157b0
[JW-R1] #51 vpc=0x400015f0a2 vaddr=0x4010000b10 w=4 val=0x000000001000fe10
[JW-R1] #52 vpc=0x400015f0a2 vaddr=0x4010000b10 w=4 val=0x000000001000c630
[JW-R1] #53 vpc=0x400015eb6f vaddr=0x4010000b10 w=4 val=0x000000001000fe10
[JW-R1] #54 vpc=0x400015eb6f vaddr=0x4010000b10 w=4 val=0x00000000100157b0
[JW-R1] #55 vpc=0x400015eb6f vaddr=0x4010000b10 w=4 val=0x0000000010015c20
[JW-R1] #56 vpc=0x400015eb6f vaddr=0x4010000b10 w=4 val=0x0000000000000000
[JW-R1] #57 vpc=0x400015f0a2 vaddr=0x4010000b10 w=4 val=0x000000001001f6d0
[JW-R1] #58 vpc=0x400015eb6f vaddr=0x4010000b10 w=4 val=0x0000000000000000
[JW-R1] #59 vpc=0x400015f0a2 vaddr=0x4010000b10 w=4 val=0x000000001001f6d0
[JW-R1] #60 vpc=0x400015eb6f vaddr=0x4010000b10 w=4 val=0x0000000000000000
[JW-R1] #61 vpc=0x400015f0a2 vaddr=0x4010000b10 w=4 val=0x000000001002f5d0
[JW-R1] #62 vpc=0x400015f0a2 vaddr=0x4010000b10 w=4 val=0x000000001002efc0
[JW-R1] #63 vpc=0x400015f0a2 vaddr=0x4010000b10 w=4 val=0x000000001002ebb0
[JW-R1] #64 vpc=0x400015f0a2 vaddr=0x4010000b10 w=4 val=0x000000001002e7a0
[JW-R1] #65 vpc=0x400015eb6f vaddr=0x4010000b10 w=4 val=0x000000001002ebb0
[JW-R1] #66 vpc=0x400015eb6f vaddr=0x4010000b10 w=4 val=0x000000001002efc0
[JW-R1] #67 vpc=0x400015eb6f vaddr=0x4010000b10 w=4 val=0x000000001002f5d0
[JW-R1] #68 vpc=0x400015f0a2 vaddr=0x4010000b10 w=4 val=0x000000001002e7a0
[JW-R1] #69 vpc=0x400015eb6f vaddr=0x4010000b10 w=4 val=0x000000001002f5d0
[JW-R1] #70 vpc=0x400015eb6f vaddr=0x4010000b10 w=4 val=0x0000000000000000
[JW-R1] #71 vpc=0x400015f0a2 vaddr=0x4010000b10 w=4 val=0x0000000010033010
[JW-R1] #72 vpc=0x400015eb6f vaddr=0x4010000b10 w=4 val=0x0000000000000000
[JW-R1] #73 vpc=0x400015f0a2 vaddr=0x4010000b10 w=4 val=0x0000000010033010
[JW-R1] #74 vpc=0x400015eb6f vaddr=0x4010000b10 w=4 val=0x0000000000000000
[JW-R1] #75 vpc=0x400015f0a2 vaddr=0x4010000b10 w=4 val=0x0000000010033010
[JW-R1] #76 vpc=0x400015eb6f vaddr=0x4010000b10 w=4 val=0x0000000000000000
[JW-R1] #77 vpc=0x400015f0a2 vaddr=0x4010000b10 w=4 val=0x0000000010033010
[JW-R1] #78 vpc=0x400015eb6f vaddr=0x4010000b10 w=4 val=0x0000000000000000
[JW-R1] #79 vpc=0x400015f0a2 vaddr=0x4010000b10 w=4 val=0x0000000010033010
[JW-R1] #80 vpc=0x400015eb6f vaddr=0x4010000b10 w=4 val=0x0000000000000000
[JW-R1] #81 vpc=0x400015f0a2 vaddr=0x4010000b10 w=4 val=0x0000000010033010
[JW-R1] #82 vpc=0x400015eb6f vaddr=0x4010000b10 w=4 val=0x0000000000000000
[JW-R1] #83 vpc=0x400015f0a2 vaddr=0x4010000b10 w=4 val=0x0000000010033010
[JW-R1] #84 vpc=0x400015eb6f vaddr=0x4010000b10 w=4 val=0x0000000000000000
[JW-R1] #85 vpc=0x400015f0a2 vaddr=0x4010000b10 w=4 val=0x0000000010033010
[JW-R1] #86 vpc=0x400015eb6f vaddr=0x4010000b10 w=4 val=0x0000000000000000
[JW-R1] #87 vpc=0x400015f0a2 vaddr=0x4010000b10 w=4 val=0x0000000010033010
[JW-R1] #88 vpc=0x400015eb6f vaddr=0x4010000b10 w=4 val=0x0000000000000000
[JW-R1] #89 vpc=0x400015f0a2 vaddr=0x4010000b10 w=4 val=0x0000000010033010
[JW-R1] #90 vpc=0x400015eb6f vaddr=0x4010000b10 w=4 val=0x0000000000000000
[JW-R1] #91 vpc=0x400015f0a2 vaddr=0x4010000b10 w=4 val=0x0000000010033010
[JW-R1] #92 vpc=0x400015eb6f vaddr=0x4010000b10 w=4 val=0x0000000000000000
[JW-R1] #93 vpc=0x400015f0a2 vaddr=0x4010000b10 w=4 val=0x0000000010033010
[JW-R1] #94 vpc=0x400015eb6f vaddr=0x4010000b10 w=4 val=0x0000000000000000
[JW-R1] #95 vpc=0x400015f0a2 vaddr=0x4010000b10 w=4 val=0x0000000010033010
[JW-R1] #96 vpc=0x400015eb6f vaddr=0x4010000b10 w=4 val=0x0000000000000000
[JW-R1] #97 vpc=0x400015f0a2 vaddr=0x4010000b10 w=4 val=0x0000000010034190
[JW-R1] #98 vpc=0x400015eb6f vaddr=0x4010000b10 w=4 val=0x0000000000000000
[JW-R1] #99 vpc=0x400015f0a2 vaddr=0x4010000b10 w=4 val=0x0000000010034190
[JW-R1] #100 vpc=0x400015f0a2 vaddr=0x4010000b10 w=4 val=0x000000001002e7a0
[JW-R1] #101 vpc=0x400015f0a2 vaddr=0x4010000b10 w=4 val=0x000000001002f5d0
[JW-R1] #102 vpc=0x400015f0a2 vaddr=0x4010000b10 w=4 val=0x0000000010033010
[JW-R1] #103 vpc=0x400015f0a2 vaddr=0x4010000b10 w=4 val=0x0000000010015c20
[JW-R1] #104 vpc=0x400015f0a2 vaddr=0x4010000b10 w=4 val=0x00000000100157b0
[JW-R1] #105 vpc=0x400015f0a2 vaddr=0x4010000b10 w=4 val=0x000000001000fe10
[JW-R1] #106 vpc=0x400015f0a2 vaddr=0x4010000b10 w=4 val=0x000000001000c630
[JW-R1] #107 vpc=0x400072da6f vaddr=0x4010000bb8 w=2 val=0x0000000000000016
[JW-R1] #108 vpc=0x400015eb6f vaddr=0x4010000b10 w=4 val=0x000000001000fe10
[JW-R1] #109 vpc=0x400015eb6f vaddr=0x4010000b10 w=4 val=0x00000000100157b0
[JW-R1] #110 vpc=0x400015eb6f vaddr=0x4010000b10 w=4 val=0x0000000010015c20
[JW-R1] #111 vpc=0x400015eb6f vaddr=0x4010000b10 w=4 val=0x0000000010033010
[JW-R1] #112 vpc=0x400015eb6f vaddr=0x4010000b10 w=4 val=0x000000001002f5d0
[JW-R1] #113 vpc=0x400015eb6f vaddr=0x4010000b10 w=4 val=0x000000001002e7a0
[JW-R1] #114 vpc=0x400015eb6f vaddr=0x4010000b10 w=4 val=0x0000000010034190
[JW-R1] #115 vpc=0x400015eb6f vaddr=0x4010000b10 w=4 val=0x0000000000000000
[JW-R1] #116 vpc=0x400015f0a2 vaddr=0x4010000b10 w=4 val=0x000000001000fe10
[JW-R1] #117 vpc=0x400015f0a2 vaddr=0x4010000b10 w=4 val=0x0000000010015c20
[JW-R1] #118 vpc=0x400015f0a2 vaddr=0x4010000b10 w=4 val=0x000000001000c630
[JW-R1] #119 vpc=0x400015eb6f vaddr=0x4010000b10 w=4 val=0x0000000010015c20
[JW-R1] #120 vpc=0x400015eb6f vaddr=0x4010000b10 w=4 val=0x000000001000fe10
[JW-R1] #121 vpc=0x400015eb6f vaddr=0x4010000b10 w=4 val=0x0000000000000000
[JW-R1] #122 vpc=0x400015f0a2 vaddr=0x4010000b10 w=4 val=0x000000001002e7a0
[JW-R1] #123 vpc=0x400015eb6f vaddr=0x4010000b10 w=4 val=0x0000000000000000
[JW-R1] #124 vpc=0x400015f0a2 vaddr=0x4010000b10 w=4 val=0x000000001002e7a0
[JW-R1] #125 vpc=0x400015eb6f vaddr=0x4010000b10 w=4 val=0x0000000000000000
[JW-R1] #126 vpc=0x400015f0a2 vaddr=0x4010000b10 w=4 val=0x0000000010146320
[JW-R1] #127 vpc=0x400015eb6f vaddr=0x4010000b10 w=4 val=0x0000000000000000
[JW-R1] #128 vpc=0x400015f0a2 vaddr=0x4010000b10 w=4 val=0x0000000010146320
[JW-R1] #129 vpc=0x400015eb6f vaddr=0x4010000b10 w=4 val=0x0000000000000000
[JW-R1] #130 vpc=0x400015f0a2 vaddr=0x4010000b10 w=4 val=0x000000001014cd10
[JW-R1] #131 vpc=0x400015eb6f vaddr=0x4010000b10 w=4 val=0x0000000000000000
[JW-R1] #132 vpc=0x400015f0a2 vaddr=0x4010000b10 w=4 val=0x000000001014cd10
[JW-R1] #133 vpc=0x400015eb6f vaddr=0x4010000b10 w=4 val=0x0000000000000000
[JW-R1] #134 vpc=0x400015f0a2 vaddr=0x4010000b10 w=4 val=0x000000001014cd10
[JW-R1] #135 vpc=0x400015eb6f vaddr=0x4010000b10 w=4 val=0x0000000000000000
[JW-R1] #136 vpc=0x400015f0a2 vaddr=0x4010000b10 w=4 val=0x000000001014cd10
[JW-R1] #137 vpc=0x400015eb6f vaddr=0x4010000b10 w=4 val=0x0000000000000000
[JW-R1] #138 vpc=0x400015f0a2 vaddr=0x4010000b10 w=4 val=0x000000001014cd10
[JW-R1] #139 vpc=0x400015eb6f vaddr=0x4010000b10 w=4 val=0x0000000000000000
[JW-R1] #140 vpc=0x400015f0a2 vaddr=0x4010000b10 w=4 val=0x000000001014cd10
[JW-R1] #141 vpc=0x400015eb6f vaddr=0x4010000b10 w=4 val=0x0000000000000000
[JW-R1] #142 vpc=0x400015f0a2 vaddr=0x4010000b10 w=4 val=0x000000001014cd10
[JW-R1] #143 vpc=0x400015eb6f vaddr=0x4010000b10 w=4 val=0x0000000000000000
[JW-R1] #144 vpc=0x400015f0a2 vaddr=0x4010000b10 w=4 val=0x000000001014d3b0
[JW-R1] #145 vpc=0x400015eb6f vaddr=0x4010000b10 w=4 val=0x0000000000000000
[JW-R1] #146 vpc=0x400015f0a2 vaddr=0x4010000b10 w=4 val=0x0000000010150200
[JW-R1] #147 vpc=0x400015eb6f vaddr=0x4010000b10 w=4 val=0x0000000000000000
[JW-R1] #148 vpc=0x400015f0a2 vaddr=0x4010000b10 w=4 val=0x000000001014efe0
[JW-R1] #149 vpc=0x400015eb6f vaddr=0x4010000b10 w=4 val=0x0000000000000000
[JW-R1] #150 vpc=0x400015f0a2 vaddr=0x4010000b10 w=4 val=0x000000001014efe0
[JW-R1] #151 vpc=0x400015eb6f vaddr=0x4010000b10 w=4 val=0x0000000000000000
[JW-R1] #152 vpc=0x400015f0a2 vaddr=0x4010000b10 w=4 val=0x000000001014efe0
[JW-R1] #153 vpc=0x400015eb6f vaddr=0x4010000b10 w=4 val=0x0000000000000000
[JW-R1] #154 vpc=0x400015f0a2 vaddr=0x4010000b10 w=4 val=0x000000001014efe0
[JW-R1] #155 vpc=0x400015eb6f vaddr=0x4010000b10 w=4 val=0x0000000000000000
[JW-R1] #156 vpc=0x400015f0a2 vaddr=0x4010000b10 w=4 val=0x000000001014efe0
[JW-R1] #157 vpc=0x400015eb6f vaddr=0x4010000b10 w=4 val=0x0000000000000000
[JW-R1] #158 vpc=0x400015f0a2 vaddr=0x4010000b10 w=4 val=0x00000000101517a0
[JW-R1] #159 vpc=0x400015f0a2 vaddr=0x4010000b10 w=4 val=0x000000001014cd10
[JW-R1] #160 vpc=0x400015f0a2 vaddr=0x4010000b10 w=4 val=0x000000001014d3b0
[JW-R1] #161 vpc=0x400015f0a2 vaddr=0x4010000b10 w=4 val=0x0000000010150200
[JW-R1] #162 vpc=0x400015f0a2 vaddr=0x4010000b10 w=4 val=0x000000001014efe0
[JW-R1] #163 vpc=0x400015eb6f vaddr=0x4010000b10 w=4 val=0x0000000010150200
[JW-R1] #164 vpc=0x400015f0a2 vaddr=0x4010000b10 w=4 val=0x000000001014efe0
[JW-R1] #165 vpc=0x400015eb6f vaddr=0x4010000b10 w=4 val=0x0000000010150200
[JW-R1] #166 vpc=0x400015f0a2 vaddr=0x4010000b10 w=4 val=0x000000001014efe0
[JW-R1] #167 vpc=0x400015f0a2 vaddr=0x4010000b10 w=4 val=0x0000000010145cd0
[JW-R1] #168 vpc=0x400015f0a2 vaddr=0x4010000b10 w=4 val=0x0000000010146320
[JW-R1] #169 vpc=0x400015eb6f vaddr=0x4010000b10 w=4 val=0x0000000010145cd0
[JW-R1] #170 vpc=0x400015eb6f vaddr=0x4010000b10 w=4 val=0x000000001014efe0
[JW-R1] #171 vpc=0x400015eb6f vaddr=0x4010000b10 w=4 val=0x0000000010150200
[JW-R1] #172 vpc=0x400015eb6f vaddr=0x4010000b10 w=4 val=0x000000001014d3b0
[JW-R1] #173 vpc=0x400015eb6f vaddr=0x4010000b10 w=4 val=0x000000001014cd10
[JW-R1] #174 vpc=0x400015f0a2 vaddr=0x4010000b10 w=4 val=0x000000001014efe0
[JW-R1] #175 vpc=0x400015f0a2 vaddr=0x4010000b10 w=4 val=0x000000001014d3b0
[JW-R1] #176 vpc=0x400015f0a2 vaddr=0x4010000b10 w=4 val=0x0000000010150200
[JW-R1] #177 vpc=0x400015eb6f vaddr=0x4010000b10 w=4 val=0x000000001014d3b0
[JW-R1] #178 vpc=0x400015eb6f vaddr=0x4010000b10 w=4 val=0x000000001014efe0
[JW-R1] #179 vpc=0x400015eb6f vaddr=0x4010000b10 w=4 val=0x000000001014cd10
[JW-R1] #180 vpc=0x400015eb6f vaddr=0x4010000b10 w=4 val=0x00000000101517a0
[JW-R1] #181 vpc=0x400015f0a2 vaddr=0x4010000b10 w=4 val=0x000000001014d3b0
[JW-R1] #182 vpc=0x400015f0a2 vaddr=0x4010000b10 w=4 val=0x000000001014cd10
[JW-R1] #183 vpc=0x400015f0a2 vaddr=0x4010000b10 w=4 val=0x000000001014efe0
[JW-R1] #184 vpc=0x400015eb6f vaddr=0x4010000b10 w=4 val=0x000000001014cd10
[JW-R1] #185 vpc=0x400015eb6f vaddr=0x4010000b10 w=4 val=0x000000001014d3b0
[JW-R1] #186 vpc=0x400015eb6f vaddr=0x4010000b10 w=4 val=0x00000000101517a0
[JW-R1] #187 vpc=0x400015eb6f vaddr=0x4010000b10 w=4 val=0x0000000000000000
[JW-R1] #188 vpc=0x400015f0a2 vaddr=0x4010000b10 w=4 val=0x000000001014cd10
[JW-R1] #189 vpc=0x400015f0a2 vaddr=0x4010000b10 w=4 val=0x00000000101517a0
[JW-R1] #190 vpc=0x400015f0a2 vaddr=0x4010000b10 w=4 val=0x000000001014d3b0
[JW-R1] #191 vpc=0x400015eb6f vaddr=0x4010000b10 w=4 val=0x00000000101517a0
[JW-R1] #192 vpc=0x400015eb6f vaddr=0x4010000b10 w=4 val=0x000000001014cd10
[JW-R1] #193 vpc=0x400015eb6f vaddr=0x4010000b10 w=4 val=0x0000000000000000
[JW-R1] #194 vpc=0x400015f0a2 vaddr=0x4010000b10 w=4 val=0x000000001013d030
[JW-R1] #195 vpc=0x400015eb6f vaddr=0x4010000b10 w=4 val=0x0000000000000000
[JW-R1] #196 vpc=0x400015f0a2 vaddr=0x4010000b10 w=4 val=0x0000000010142ca0
[JW-R1] #197 vpc=0x400015eb6f vaddr=0x4010000b10 w=4 val=0x0000000000000000
[JW-R1] #198 vpc=0x400015f0a2 vaddr=0x4010000b10 w=4 val=0x0000000010142ca0
[JW-R1] #199 vpc=0x400015eb6f vaddr=0x4010000b10 w=4 val=0x0000000000000000
[JW-R1] #200 vpc=0x400015f0a2 vaddr=0x4010000b10 w=4 val=0x0000000010142ca0
[JW-R1] #201 vpc=0x400015eb6f vaddr=0x4010000b10 w=4 val=0x0000000000000000
[JW-R1] #202 vpc=0x400015f0a2 vaddr=0x4010000b10 w=4 val=0x0000000010142ca0
[JW-R1] #203 vpc=0x400015eb6f vaddr=0x4010000b10 w=4 val=0x0000000000000000
[JW-R1] #204 vpc=0x400015f0a2 vaddr=0x4010000b10 w=4 val=0x0000000010154ca0
[JW-R1] #205 vpc=0x400015f0a2 vaddr=0x4010000b10 w=4 val=0x0000000010154890
[JW-R1] #206 vpc=0x400015eb6f vaddr=0x4010000b10 w=4 val=0x0000000010154ca0
[JW-R1] #207 vpc=0x400015eb6f vaddr=0x4010000b10 w=4 val=0x0000000000000000
[JW-R1] #208 vpc=0x400015f0a2 vaddr=0x4010000b10 w=4 val=0x0000000010157540
[JW-R1] #209 vpc=0x400015f0a2 vaddr=0x4010000b10 w=4 val=0x0000000010157950
[JW-R1] #210 vpc=0x400015f0a2 vaddr=0x4010000b10 w=4 val=0x0000000010154ca0
[JW-R1] #211 vpc=0x400015eb6f vaddr=0x4010000b10 w=4 val=0x0000000010157950
[JW-R1] #212 vpc=0x400015eb6f vaddr=0x4010000b10 w=4 val=0x0000000010157540
[JW-R1] #213 vpc=0x400015eb6f vaddr=0x4010000b10 w=4 val=0x0000000000000000
[JW-R1] #214 vpc=0x400015f0a2 vaddr=0x4010000b10 w=4 val=0x0000000010157540
[JW-R1] #215 vpc=0x400015f0a2 vaddr=0x4010000b10 w=4 val=0x0000000010158170
[JW-R1] #216 vpc=0x400015f0a2 vaddr=0x4010000b10 w=4 val=0x0000000010157950
[JW-R1] #217 vpc=0x400015f0a2 vaddr=0x4010000b10 w=4 val=0x0000000010157d60
[JW-R1] #218 vpc=0x400015eb6f vaddr=0x4010000b10 w=4 val=0x0000000010157950
[JW-R1] #219 vpc=0x400015eb6f vaddr=0x4010000b10 w=4 val=0x0000000010158170
[JW-R1] #220 vpc=0x400015eb6f vaddr=0x4010000b10 w=4 val=0x0000000010157540
[JW-R1] #221 vpc=0x400015f0a2 vaddr=0x4010000b10 w=4 val=0x0000000010157d60
[JW-R1] #222 vpc=0x400015f0a2 vaddr=0x4010000b10 w=4 val=0x0000000010154ca0
[JW-R1] #223 vpc=0x400015eb6f vaddr=0x4010000b10 w=4 val=0x0000000010157d60
[JW-R1] #224 vpc=0x400015f0a2 vaddr=0x4010000b10 w=4 val=0x0000000010154ca0
[JW-R1] #225 vpc=0x400015eb6f vaddr=0x4010000b10 w=4 val=0x0000000010157d60
[JW-R1] #226 vpc=0x400015f0a2 vaddr=0x4010000b10 w=4 val=0x0000000010154ca0
[JW-R1] #227 vpc=0x400015eb6f vaddr=0x4010000b10 w=4 val=0x0000000010157d60
[JW-R1] #228 vpc=0x400015f0a2 vaddr=0x4010000b10 w=4 val=0x0000000010154ca0
[JW-R1] #229 vpc=0x400015eb6f vaddr=0x4010000b10 w=4 val=0x0000000010157d60
[JW-R1] #230 vpc=0x400015eb6f vaddr=0x4010000b10 w=4 val=0x0000000010157540
[JW-R1] #231 vpc=0x400015eb6f vaddr=0x4010000b10 w=4 val=0x0000000000000000
[JW-R1] #232 vpc=0x400015f0a2 vaddr=0x4010000b10 w=4 val=0x0000000010157540
[JW-R1] #233 vpc=0x400015eb6f vaddr=0x4010000b10 w=4 val=0x0000000000000000
[JW-R1] #234 vpc=0x400015f0a2 vaddr=0x4010000b10 w=4 val=0x0000000010162b50
[JW-R1] #235 vpc=0x400015eb6f vaddr=0x4010000b10 w=4 val=0x0000000000000000
[JW-R1] #236 vpc=0x400015f0a2 vaddr=0x4010000b10 w=4 val=0x0000000010162b50
[JW-R1] #237 vpc=0x400015eb6f vaddr=0x4010000b10 w=4 val=0x0000000000000000
[JW-R1] #238 vpc=0x400015f0a2 vaddr=0x4010000b10 w=4 val=0x0000000010162b50
[JW-R1] #239 vpc=0x400015eb6f vaddr=0x4010000b10 w=4 val=0x0000000000000000
[JW-R1] #240 vpc=0x400015f0a2 vaddr=0x4010000b10 w=4 val=0x00000000100e9ea0
[JW-R1] #241 vpc=0x400015f0a2 vaddr=0x4010000b10 w=4 val=0x0000000010162b50
[JW-R1] #242 vpc=0x400015eb6f vaddr=0x4010000b10 w=4 val=0x00000000100e9ea0
[JW-R1] #243 vpc=0x400015eb6f vaddr=0x4010000b10 w=4 val=0x0000000000000000
[JW-R1] #244 vpc=0x400015f0a2 vaddr=0x4010000b10 w=4 val=0x000000001017f300
[JW-R1] #245 vpc=0x400015f0a2 vaddr=0x4010000b10 w=4 val=0x00000000100e9ea0
[JW-R1] #246 vpc=0x400015eb6f vaddr=0x4010000b10 w=4 val=0x000000001017f300
[JW-R1] #247 vpc=0x400015f0a2 vaddr=0x4010000b10 w=4 val=0x000000001002e7a0
[JW-R1] #248 vpc=0x400015f0a2 vaddr=0x4010000b10 w=4 val=0x0000000010034190
[JW-R1] #249 vpc=0x400015f0a2 vaddr=0x4010000b10 w=4 val=0x0000000010146320
[JW-R1] #250 vpc=0x400015f0a2 vaddr=0x4010000b10 w=4 val=0x0000000010145cd0
[JW-R1] #251 vpc=0x400015f0a2 vaddr=0x4010000b10 w=4 val=0x0000000010150200
[JW-R1] #252 vpc=0x400015f0a2 vaddr=0x4010000b10 w=4 val=0x000000001014efe0
[JW-R1] #253 vpc=0x400015f0a2 vaddr=0x4010000b10 w=4 val=0x000000001013d030
[JW-R1] #254 vpc=0x400015f0a2 vaddr=0x4010000b00 w=4 val=0x00000000100d90a0
[JW-R1] #255 vpc=0x400015f0a2 vaddr=0x4010000b10 w=4 val=0x00000000101517a0
[JW-R1] #256 vpc=0x400015f0a2 vaddr=0x4010000b10 w=4 val=0x000000001014cd10
[JW-R1] #257 vpc=0x400015f0a2 vaddr=0x4010000b10 w=4 val=0x0000000010142ca0
[JW-R1] #258 vpc=0x400015f0a2 vaddr=0x4010000b10 w=4 val=0x00000000101430b0
[JW-R1] #259 vpc=0x400015f0a2 vaddr=0x4010000b10 w=4 val=0x0000000010154890
[JW-R1] #260 vpc=0x400015f0a2 vaddr=0x4010000b10 w=4 val=0x0000000010158170
[JW-R1] #261 vpc=0x400015f0a2 vaddr=0x4010000b10 w=4 val=0x0000000010157950
[JW-R1] #262 vpc=0x400015f0a2 vaddr=0x4010000b10 w=4 val=0x0000000010154ca0
[JW-V] #1 vpc=0x400993f7f4 vaddr=0x4010001790 w=8 val=0x000000401569d000
[JW-V] #2 vpc=0x400993f839 vaddr=0x4010002220 w=8 val=0x000000401569d000
[JW-V] #3 vpc=0x400993f85b vaddr=0x4010001cd8 w=8 val=0x000000401569d000
[JW-V] #4 vpc=0x400993f891 vaddr=0x4010001610 w=8 val=0x000000401569d000
[JW-V] #5 vpc=0x400993f8f8 vaddr=0x4010001270 w=8 val=0x000000401569d000
[JW-V] #6 vpc=0x400993f95e vaddr=0x4010001400 w=8 val=0x000000401569d04b
[JW-R0] #263 vpc=0x4000251e9d vaddr=0x401569d000 w=8 val=0x0000000000000000
[JW-R0] #264 vpc=0x4000251e9d vaddr=0x401569d010 w=8 val=0xc93103eac107c283
[JW-R0] #265 vpc=0x4000251ea1 vaddr=0x401569d020 w=8 val=0xc0852473d139c1ff
[JW-R0] #266 vpc=0x4000251ea1 vaddr=0x401569d030 w=8 val=0x89e975f80841c095
[JW-R0] #267 vpc=0x4000251ea6 vaddr=0x401569d02b w=8 val=0x41c0950f41f139c7
[JW-R0] #268 vpc=0x4000251ea6 vaddr=0x401569d03b w=8 val=0x07ff830000000080
[JW-R0] #269 vpc=0x4000251eac vaddr=0x401569d00b w=8 val=0x07c28307e083d089
[JW-R0] #270 vpc=0x4000251eac vaddr=0x401569d01b w=8 val=0x39c1ff001f0f09eb
[JW-V] #7 vpc=0x4007fd1539 vaddr=0x40100eb040 w=8 val=0x000000401569d000
[JW-V] #8 vpc=0x4007fd153f vaddr=0x40100eb030 w=8 val=0x000000401569d000
[JW-V] #9 vpc=0x4007fd153f vaddr=0x40100eb040 w=8 val=0x000000401569d000
[JW-V] #10 vpc=0x400993f7f4 vaddr=0x4010002220 w=8 val=0x000000401569e000
[JW-V] #11 vpc=0x400993f891 vaddr=0x40100020a0 w=8 val=0x000000401569e000
[JW-V] #12 vpc=0x400993f8f8 vaddr=0x4010001d00 w=8 val=0x000000401569e000
[JW-V] #13 vpc=0x400993f95e vaddr=0x4010001e90 w=8 val=0x000000401569e03c
[JW-R0] #271 vpc=0x4000251e21 vaddr=0x401569e000 w=8 val=0x0000000000000000
[JW-R0] #272 vpc=0x4000251e21 vaddr=0x401569e010 w=8 val=0x0000019008070c1c
[JW-R0] #273 vpc=0x4000251e25 vaddr=0x401569e018 w=8 val=0x0000001c0000001c
[JW-R0] #274 vpc=0x4000251e25 vaddr=0x401569e028 w=8 val=0x000000000000004b
[JW-R0] #275 vpc=0x4000252920 vaddr=0x401569e038 w=2 val=0x0000000000000000
[JW-R0] #276 vpc=0x4000252924 vaddr=0x401569e038 w=2 val=0x0000000000000000
[JW-V] #14 vpc=0x4007fd1539 vaddr=0x40100eb090 w=8 val=0x000000401569e000
[JW-V] #15 vpc=0x4007fd153f vaddr=0x40100eb080 w=8 val=0x000000401569e000
[JW-V] #16 vpc=0x4007fd153f vaddr=0x40100eb090 w=8 val=0x000000401569e000
[JW-R1] #277 vpc=0x400015eb6f vaddr=0x4010000b00 w=4 val=0x0000000000000000
[JW-R0] #278 vpc=0x40092aee44 vaddr=0x401569e020 w=4 val=0x00000000ffffefe0
[JW-V] #17 vpc=0x4009a76302 vaddr=0x401001b800 w=8 val=0x000000401569e000
[JW-R1] #279 vpc=0x400072da85 vaddr=0x4010000bb0 w=4 val=0x000000001569d000
[JW-R1] #280 vpc=0x400015f0a2 vaddr=0x4010000b00 w=4 val=0x00000000100d90a0
[JW-R1] #281 vpc=0x4000525461 vaddr=0x4010000be0 w=8 val=0x0000000000000000
[JW-R1] #282 vpc=0x4000525464 vaddr=0x4010000bf0 w=8 val=0x0000000000000000
[JW-R1] #283 vpc=0x40007c9462 vaddr=0x4010000b98 w=2 val=0x000000000000d969
[JW-R1] #284 vpc=0x40007c946b vaddr=0x4010000ba0 w=4 val=0x0000000000071980
[JW-R1] #285 vpc=0x40007c9477 vaddr=0x4010000b80 w=2 val=0x0000000000000002
[JW-R1] #286 vpc=0x40007c94f9 vaddr=0x4010000b88 w=4 val=0x00000000000cbbd0
[JW-R1] #287 vpc=0x40007c94fd vaddr=0x4010000b90 w=4 val=0x00000000000cbbd0

ATEXIT: range-stores=287 value-stores=17 exc=3
